{"en1":{"Disambiguation for context\u0004One":[null,"Een"],"":{}}}